sh: ./catx: No such file or directory
error in command: ./catx test1.in
