input 9:  source 2: failed required pattern: /asxxxxx/
