Test 1
input 3:  source 4: failed forbidde pattern: more
