3; syntax error, unexpected NEWLINE, expecting '='
5; syntax error, unexpected NEWLINE, expecting '='
8; syntax error, unexpected STRING, expecting '('
