Test 1
input 6: script 3: at end of input, failed required pattern: "more"
