cpuinfo_processor="0"
cpuinfo_vendor_id="GenuineIntel"
cpuinfo_cpu_family="6"
cpuinfo_model="45"
cpuinfo_model_name="Intel(R) Xeon(R) CPU E5-2660 0 @ 2.20GHz"
cpuinfo_stepping="6"
cpuinfo_microcode="0x615"
cpuinfo_cpu_MHz="2200.000"
cpuinfo_cache_size="20480 KB"
cpuinfo_physical_id="0"
cpuinfo_siblings="16"
cpuinfo_core_id="0"
cpuinfo_cpu_cores="8"
cpuinfo_apicid="0"
cpuinfo_initial_apicid="0"
cpuinfo_fpu="yes"
cpuinfo_fpu_exception="yes"
cpuinfo_cpuid_level="13"
input 19: script 9: unexpected line: missing colon on this line
