sh: ./foox: No such file or directory
./foox
script 3: error in command: ./foox 
