,"","","","array_random500k",,"success","7496107666.597366","ns"
,"","","","foldSparse1M",,"success","60573132666.59737","ns"
,"","","","foldDense100K",,"success","6600725666.597366","ns"
,"","","","array_random1m",,"success","14980436666.597366","ns"
,"","","","Yifei_1M_MaxId_1M",,"success","1769071666.5973663","ns"
,"","","","array_random50k_logestic",,"success","1004495666.5973663","ns"
,"","","","array_seq1m",,"success","781083666.5973663","ns"
,"","","","Yifei_1M_MaxId_100M",,"success","262146395666.59735","ns"
,"","","","array_random100k",,"success","1475617666.5973663","ns"
,"","","","array_cpy1m",,"success","1048667666.5973663","ns"
,"","","","array_random30k",,"success","428868666.59736633","ns"
,"","","","array_seq200k_logistic",,"success","3439864666.5973663","ns"
,"","","","Yifei_1M_MaxId_10M",,"success","25012872666.597366","ns"
,"","","","foldSparse100K",,"success","6154303666.597366","ns"
,"","","","array_random50k",,"success","715234666.5973663","ns"
,"","","","foldDense1M",,"success","50411859666.59737","ns"
,"","","","array_seq1m_logistic",,"success","16567729666.597366","ns"
,"","","","array_random100k_logestic",,"success","2016218666.5973663","ns"
,"","","","array_random30k_logestic",,"success","601046666.5973663","ns"
,"","","","array_random50k_plus",,"success","710456666.5973663","ns"
,"","","","array_random30k_plus",,"success","426067666.59736633","ns"
,"","","","Yifei2",,"success","3605566666.5973663","ns"
,"","","","array_random1m_sort",,"success","15612375666.597366","ns"
,"","","","array_seq200k",,"success","361703666.59736633","ns"
,"","","","array_seq500k",,"success","504536666.59736633","ns"
