1
1
true
2
1
true
3 more
6
false
4
1
true
5 less
6
false
6
1
true
