match 1
match 1x
match 2
not match 3
not match 3x
foo $\.*+?()[]{} bar
match 4
match 4x
aXbXc
a$b$X
