processor	: 0
vendor_id	: GenuineIntel
cpu family	: 6
model		: 45
processor	: 0
vendor_id	: GenuineIntel
cpu family	: 6
model		: 45
