true
false
false
true
false
true
is true
is not true
