double " single ' 
"double \" single ' "
'double " single \' '
"double \" single ' "
